Archive member included to satisfy reference by file (symbol)

/usr/share/gcc-arm-none-eabi-10.3-2021.10/bin/../lib/gcc/arm-none-eabi/10.3.1/../../../../arm-none-eabi/lib/thumb/v7e-m+fp/hard/libc_nano.a(lib_a-exit.o)
                              /usr/share/gcc-arm-none-eabi-10.3-2021.10/bin/../lib/gcc/arm-none-eabi/10.3.1/../../../../arm-none-eabi/lib/thumb/v7e-m+fp/hard/crt0.o (exit)
/usr/share/gcc-arm-none-eabi-10.3-2021.10/bin/../lib/gcc/arm-none-eabi/10.3.1/../../../../arm-none-eabi/lib/thumb/v7e-m+fp/hard/libc_nano.a(lib_a-impure.o)
                              /usr/share/gcc-arm-none-eabi-10.3-2021.10/bin/../lib/gcc/arm-none-eabi/10.3.1/../../../../arm-none-eabi/lib/thumb/v7e-m+fp/hard/libc_nano.a(lib_a-exit.o) (_global_impure_ptr)
/usr/share/gcc-arm-none-eabi-10.3-2021.10/bin/../lib/gcc/arm-none-eabi/10.3.1/../../../../arm-none-eabi/lib/thumb/v7e-m+fp/hard/libc_nano.a(lib_a-init.o)
                              /usr/share/gcc-arm-none-eabi-10.3-2021.10/bin/../lib/gcc/arm-none-eabi/10.3.1/../../../../arm-none-eabi/lib/thumb/v7e-m+fp/hard/crt0.o (__libc_init_array)
/usr/share/gcc-arm-none-eabi-10.3-2021.10/bin/../lib/gcc/arm-none-eabi/10.3.1/../../../../arm-none-eabi/lib/thumb/v7e-m+fp/hard/libc_nano.a(lib_a-memset.o)
                              /usr/share/gcc-arm-none-eabi-10.3-2021.10/bin/../lib/gcc/arm-none-eabi/10.3.1/../../../../arm-none-eabi/lib/thumb/v7e-m+fp/hard/crt0.o (memset)
/usr/share/gcc-arm-none-eabi-10.3-2021.10/bin/../lib/gcc/arm-none-eabi/10.3.1/thumb/v7e-m+fp/hard/libgcc.a(_aeabi_uldivmod.o)
                              CMakeFiles/KaseCode_V0.dir/Drivers/STM32F4xx_HAL_Driver/Src/stm32f4xx_hal_rcc.c.obj (__aeabi_uldivmod)
/usr/share/gcc-arm-none-eabi-10.3-2021.10/bin/../lib/gcc/arm-none-eabi/10.3.1/thumb/v7e-m+fp/hard/libgcc.a(_udivmoddi4.o)
                              /usr/share/gcc-arm-none-eabi-10.3-2021.10/bin/../lib/gcc/arm-none-eabi/10.3.1/thumb/v7e-m+fp/hard/libgcc.a(_aeabi_uldivmod.o) (__udivmoddi4)
/usr/share/gcc-arm-none-eabi-10.3-2021.10/bin/../lib/gcc/arm-none-eabi/10.3.1/thumb/v7e-m+fp/hard/libgcc.a(_dvmd_tls.o)
                              /usr/share/gcc-arm-none-eabi-10.3-2021.10/bin/../lib/gcc/arm-none-eabi/10.3.1/thumb/v7e-m+fp/hard/libgcc.a(_aeabi_uldivmod.o) (__aeabi_ldiv0)
/usr/share/gcc-arm-none-eabi-10.3-2021.10/bin/../lib/gcc/arm-none-eabi/10.3.1/../../../../arm-none-eabi/lib/thumb/v7e-m+fp/hard/libg_nano.a(lib_a-errno.o)
                              CMakeFiles/KaseCode_V0.dir/Core/Src/sysmem.c.obj (__errno)

Discarded input sections

 .text          0x0000000000000000        0x0 /usr/share/gcc-arm-none-eabi-10.3-2021.10/bin/../lib/gcc/arm-none-eabi/10.3.1/thumb/v7e-m+fp/hard/crti.o
 .data          0x0000000000000000        0x0 /usr/share/gcc-arm-none-eabi-10.3-2021.10/bin/../lib/gcc/arm-none-eabi/10.3.1/thumb/v7e-m+fp/hard/crti.o
 .bss           0x0000000000000000        0x0 /usr/share/gcc-arm-none-eabi-10.3-2021.10/bin/../lib/gcc/arm-none-eabi/10.3.1/thumb/v7e-m+fp/hard/crti.o
 .data          0x0000000000000000        0x4 /usr/share/gcc-arm-none-eabi-10.3-2021.10/bin/../lib/gcc/arm-none-eabi/10.3.1/thumb/v7e-m+fp/hard/crtbegin.o
 .rodata        0x0000000000000000       0x24 /usr/share/gcc-arm-none-eabi-10.3-2021.10/bin/../lib/gcc/arm-none-eabi/10.3.1/thumb/v7e-m+fp/hard/crtbegin.o
 .text          0x0000000000000000       0x7c /usr/share/gcc-arm-none-eabi-10.3-2021.10/bin/../lib/gcc/arm-none-eabi/10.3.1/../../../../arm-none-eabi/lib/thumb/v7e-m+fp/hard/crt0.o
 .data          0x0000000000000000        0x0 /usr/share/gcc-arm-none-eabi-10.3-2021.10/bin/../lib/gcc/arm-none-eabi/10.3.1/../../../../arm-none-eabi/lib/thumb/v7e-m+fp/hard/crt0.o
 .bss           0x0000000000000000        0x0 /usr/share/gcc-arm-none-eabi-10.3-2021.10/bin/../lib/gcc/arm-none-eabi/10.3.1/../../../../arm-none-eabi/lib/thumb/v7e-m+fp/hard/crt0.o
 .ARM.extab     0x0000000000000000        0x0 /usr/share/gcc-arm-none-eabi-10.3-2021.10/bin/../lib/gcc/arm-none-eabi/10.3.1/../../../../arm-none-eabi/lib/thumb/v7e-m+fp/hard/crt0.o
 .ARM.exidx     0x0000000000000000       0x10 /usr/share/gcc-arm-none-eabi-10.3-2021.10/bin/../lib/gcc/arm-none-eabi/10.3.1/../../../../arm-none-eabi/lib/thumb/v7e-m+fp/hard/crt0.o
 .ARM.attributes
                0x0000000000000000       0x1c /usr/share/gcc-arm-none-eabi-10.3-2021.10/bin/../lib/gcc/arm-none-eabi/10.3.1/../../../../arm-none-eabi/lib/thumb/v7e-m+fp/hard/crt0.o
 .text          0x0000000000000000        0x0 /usr/share/gcc-arm-none-eabi-10.3-2021.10/bin/../lib/gcc/arm-none-eabi/10.3.1/../../../../arm-none-eabi/lib/thumb/v7e-m+fp/hard/libc_nano.a(lib_a-exit.o)
 .data          0x0000000000000000        0x0 /usr/share/gcc-arm-none-eabi-10.3-2021.10/bin/../lib/gcc/arm-none-eabi/10.3.1/../../../../arm-none-eabi/lib/thumb/v7e-m+fp/hard/libc_nano.a(lib_a-exit.o)
 .bss           0x0000000000000000        0x0 /usr/share/gcc-arm-none-eabi-10.3-2021.10/bin/../lib/gcc/arm-none-eabi/10.3.1/../../../../arm-none-eabi/lib/thumb/v7e-m+fp/hard/libc_nano.a(lib_a-exit.o)
[...]
Memory Configuration

Name             Origin             Length             Attributes
RAM              0x0000000020000000 0x0000000000020000 xrw
FLASH            0x0000000008000000 0x0000000000080000 xr
*default*        0x0000000000000000 0xffffffffffffffff

Linker script and memory map

LOAD /usr/share/gcc-arm-none-eabi-10.3-2021.10/bin/../lib/gcc/arm-none-eabi/10.3.1/thumb/v7e-m+fp/hard/crti.o
LOAD /usr/share/gcc-arm-none-eabi-10.3-2021.10/bin/../lib/gcc/arm-none-eabi/10.3.1/thumb/v7e-m+fp/hard/crtbegin.o
LOAD /usr/share/gcc-arm-none-eabi-10.3-2021.10/bin/../lib/gcc/arm-none-eabi/10.3.1/../../../../arm-none-eabi/lib/thumb/v7e-m+fp/hard/crt0.o
START GROUP
LOAD /usr/share/gcc-arm-none-eabi-10.3-2021.10/bin/../lib/gcc/arm-none-eabi/10.3.1/../../../../arm-none-eabi/lib/thumb/v7e-m+fp/hard/libc_nano.a
LOAD /usr/share/gcc-arm-none-eabi-10.3-2021.10/bin/../lib/gcc/arm-none-eabi/10.3.1/../../../../arm-none-eabi/lib/thumb/v7e-m+fp/hard/libm.a
END GROUP
LOAD CMakeFiles/KaseCode_V0.dir/Core/Src/main.c.obj
LOAD CMakeFiles/KaseCode_V0.dir/Core/Src/stm32f4xx_it.c.obj
LOAD CMakeFiles/KaseCode_V0.dir/Core/Src/stm32f4xx_hal_msp.c.obj
LOAD CMakeFiles/KaseCode_V0.dir/Drivers/STM32F4xx_HAL_Driver/Src/stm32f4xx_hal_rcc.c.obj
LOAD CMakeFiles/KaseCode_V0.dir/Drivers/STM32F4xx_HAL_Driver/Src/stm32f4xx_hal_rcc_ex.c.obj
LOAD CMakeFiles/KaseCode_V0.dir/Drivers/STM32F4xx_HAL_Driver/Src/stm32f4xx_hal_flash.c.obj
LOAD CMakeFiles/KaseCode_V0.dir/Drivers/STM32F4xx_HAL_Driver/Src/stm32f4xx_hal_flash_ex.c.obj
LOAD CMakeFiles/KaseCode_V0.dir/Drivers/STM32F4xx_HAL_Driver/Src/stm32f4xx_hal_flash_ramfunc.c.obj
LOAD CMakeFiles/KaseCode_V0.dir/Drivers/STM32F4xx_HAL_Driver/Src/stm32f4xx_hal_gpio.c.obj
LOAD CMakeFiles/KaseCode_V0.dir/Drivers/STM32F4xx_HAL_Driver/Src/stm32f4xx_hal_dma_ex.c.obj
LOAD CMakeFiles/KaseCode_V0.dir/Drivers/STM32F4xx_HAL_Driver/Src/stm32f4xx_hal_dma.c.obj
LOAD CMakeFiles/KaseCode_V0.dir/Drivers/STM32F4xx_HAL_Driver/Src/stm32f4xx_hal_pwr.c.obj
LOAD CMakeFiles/KaseCode_V0.dir/Drivers/STM32F4xx_HAL_Driver/Src/stm32f4xx_hal_pwr_ex.c.obj
LOAD CMakeFiles/KaseCode_V0.dir/Drivers/STM32F4xx_HAL_Driver/Src/stm32f4xx_hal_cortex.c.obj
LOAD CMakeFiles/KaseCode_V0.dir/Drivers/STM32F4xx_HAL_Driver/Src/stm32f4xx_hal.c.obj
LOAD CMakeFiles/KaseCode_V0.dir/Drivers/STM32F4xx_HAL_Driver/Src/stm32f4xx_hal_exti.c.obj
LOAD CMakeFiles/KaseCode_V0.dir/Core/Src/system_stm32f4xx.c.obj
LOAD CMakeFiles/KaseCode_V0.dir/Core/Src/sysmem.c.obj
LOAD CMakeFiles/KaseCode_V0.dir/Core/Src/syscalls.c.obj
LOAD CMakeFiles/KaseCode_V0.dir/startup_stm32f411xe.s.obj
START GROUP
LOAD /usr/share/gcc-arm-none-eabi-10.3-2021.10/bin/../lib/gcc/arm-none-eabi/10.3.1/thumb/v7e-m+fp/hard/libgcc.a
LOAD /usr/share/gcc-arm-none-eabi-10.3-2021.10/bin/../lib/gcc/arm-none-eabi/10.3.1/../../../../arm-none-eabi/lib/thumb/v7e-m+fp/hard/libg_nano.a
LOAD /usr/share/gcc-arm-none-eabi-10.3-2021.10/bin/../lib/gcc/arm-none-eabi/10.3.1/../../../../arm-none-eabi/lib/thumb/v7e-m+fp/hard/libc_nano.a
END GROUP
START GROUP
LOAD /usr/share/gcc-arm-none-eabi-10.3-2021.10/bin/../lib/gcc/arm-none-eabi/10.3.1/thumb/v7e-m+fp/hard/libgcc.a
LOAD /usr/share/gcc-arm-none-eabi-10.3-2021.10/bin/../lib/gcc/arm-none-eabi/10.3.1/../../../../arm-none-eabi/lib/thumb/v7e-m+fp/hard/libc_nano.a
END GROUP
LOAD /usr/share/gcc-arm-none-eabi-10.3-2021.10/bin/../lib/gcc/arm-none-eabi/10.3.1/thumb/v7e-m+fp/hard/crtend.o
LOAD /usr/share/gcc-arm-none-eabi-10.3-2021.10/bin/../lib/gcc/arm-none-eabi/10.3.1/thumb/v7e-m+fp/hard/crtn.o
                0x0000000020020000                _estack = (ORIGIN (RAM) + LENGTH (RAM))
                0x0000000000000200                _Min_Heap_Size = 0x200
                0x0000000000000400                _Min_Stack_Size = 0x400

.isr_vector     0x0000000008000000      0x198
                0x0000000008000000                . = ALIGN (0x4)
 *(.isr_vector)
 .isr_vector    0x0000000008000000      0x198 CMakeFiles/KaseCode_V0.dir/startup_stm32f411xe.s.obj
                0x0000000008000000                g_pfnVectors
                0x0000000008000198                . = ALIGN (0x4)

.text           0x0000000008000198     0x14d8
                0x0000000008000198                . = ALIGN (0x4)
 *(.text)
 .text          0x0000000008000198       0x40 /usr/share/gcc-arm-none-eabi-10.3-2021.10/bin/../lib/gcc/arm-none-eabi/10.3.1/thumb/v7e-m+fp/hard/crtbegin.o
 .text          0x00000000080001d8       0x30 /usr/share/gcc-arm-none-eabi-10.3-2021.10/bin/../lib/gcc/arm-none-eabi/10.3.1/thumb/v7e-m+fp/hard/libgcc.a(_aeabi_uldivmod.o)
                0x00000000080001d8                __aeabi_uldivmod
 .text          0x0000000008000208      0x2d0 /usr/share/gcc-arm-none-eabi-10.3-2021.10/bin/../lib/gcc/arm-none-eabi/10.3.1/thumb/v7e-m+fp/hard/libgcc.a(_udivmoddi4.o)
                0x0000000008000208                __udivmoddi4
 .text          0x00000000080004d8        0x4 /usr/share/gcc-arm-none-eabi-10.3-2021.10/bin/../lib/gcc/arm-none-eabi/10.3.1/thumb/v7e-m+fp/hard/libgcc.a(_dvmd_tls.o)
                0x00000000080004d8                __aeabi_ldiv0
                0x00000000080004d8                __aeabi_idiv0
 *(.text*)
 .text.__libc_init_array
                0x00000000080004dc       0x48 /usr/share/gcc-arm-none-eabi-10.3-2021.10/bin/../lib/gcc/arm-none-eabi/10.3.1/../../../../arm-none-eabi/lib/thumb/v7e-m+fp/hard/libc_nano.a(lib_a-init.o)
                0x00000000080004dc                __libc_init_array
 .text.memset   0x0000000008000524       0x10 /usr/share/gcc-arm-none-eabi-10.3-2021.10/bin/../lib/gcc/arm-none-eabi/10.3.1/../../../../arm-none-eabi/lib/thumb/v7e-m+fp/hard/libc_nano.a(lib_a-memset.o)
                0x0000000008000524                memset
 .text.main     0x0000000008000534       0x3c CMakeFiles/KaseCode_V0.dir/Core/Src/main.c.obj
                0x0000000008000534                main
 .text.SystemClock_Config
                0x0000000008000570       0xbc CMakeFiles/KaseCode_V0.dir/Core/Src/main.c.obj
                0x0000000008000570                SystemClock_Config
 .text.MX_GPIO_Init
                0x000000000800062c       0x88 CMakeFiles/KaseCode_V0.dir/Core/Src/main.c.obj
 .text.Error_Handler
                0x00000000080006b4        0xa CMakeFiles/KaseCode_V0.dir/Core/Src/main.c.obj
                0x00000000080006b4                Error_Handler
 .text.NMI_Handler
                0x00000000080006be        0x6 CMakeFiles/KaseCode_V0.dir/Core/Src/stm32f4xx_it.c.obj
                0x00000000080006be                NMI_Handler
 .text.HardFault_Handler
                0x00000000080006c4        0x6 CMakeFiles/KaseCode_V0.dir/Core/Src/stm32f4xx_it.c.obj
                0x00000000080006c4                HardFault_Handler
 .text.MemManage_Handler
                0x00000000080006ca        0x6 CMakeFiles/KaseCode_V0.dir/Core/Src/stm32f4xx_it.c.obj
                0x00000000080006ca                MemManage_Handler
 .text.BusFault_Handler
                0x00000000080006d0        0x6 CMakeFiles/KaseCode_V0.dir/Core/Src/stm32f4xx_it.c.obj
                0x00000000080006d0                BusFault_Handler
 .text.UsageFault_Handler
                0x00000000080006d6        0x6 CMakeFiles/KaseCode_V0.dir/Core/Src/stm32f4xx_it.c.obj
                0x00000000080006d6                UsageFault_Handler
 .text.SVC_Handler
                0x00000000080006dc        0xe CMakeFiles/KaseCode_V0.dir/Core/Src/stm32f4xx_it.c.obj
                0x00000000080006dc                SVC_Handler
 .text.DebugMon_Handler
                0x00000000080006ea        0xe CMakeFiles/KaseCode_V0.dir/Core/Src/stm32f4xx_it.c.obj
                0x00000000080006ea                DebugMon_Handler
 .text.PendSV_Handler
                0x00000000080006f8        0xe CMakeFiles/KaseCode_V0.dir/Core/Src/stm32f4xx_it.c.obj
                0x00000000080006f8                PendSV_Handler
 .text.SysTick_Handler
                0x0000000008000706        0xc CMakeFiles/KaseCode_V0.dir/Core/Src/stm32f4xx_it.c.obj
                0x0000000008000706                SysTick_Handler
 *fill*         0x0000000008000712        0x2 
 .text.HAL_MspInit
                0x0000000008000714       0x50 CMakeFiles/KaseCode_V0.dir/Core/Src/stm32f4xx_hal_msp.c.obj
                0x0000000008000714                HAL_MspInit
 .text.HAL_RCC_OscConfig
                0x0000000008000764      0x4f0 CMakeFiles/KaseCode_V0.dir/Drivers/STM32F4xx_HAL_Driver/Src/stm32f4xx_hal_rcc.c.obj
                0x0000000008000764                HAL_RCC_OscConfig
 .text.HAL_RCC_ClockConfig
                0x0000000008000c54      0x1cc CMakeFiles/KaseCode_V0.dir/Drivers/STM32F4xx_HAL_Driver/Src/stm32f4xx_hal_rcc.c.obj
                0x0000000008000c54                HAL_RCC_ClockConfig
 .text.HAL_RCC_GetSysClockFreq
                0x0000000008000e20      0x18c CMakeFiles/KaseCode_V0.dir/Drivers/STM32F4xx_HAL_Driver/Src/stm32f4xx_hal_rcc.c.obj
                0x0000000008000e20                HAL_RCC_GetSysClockFreq
 .text.HAL_GPIO_Init
                0x0000000008000fac      0x308 CMakeFiles/KaseCode_V0.dir/Drivers/STM32F4xx_HAL_Driver/Src/stm32f4xx_hal_gpio.c.obj
                0x0000000008000fac                HAL_GPIO_Init
 .text.HAL_GPIO_WritePin
                0x00000000080012b4       0x32 CMakeFiles/KaseCode_V0.dir/Drivers/STM32F4xx_HAL_Driver/Src/stm32f4xx_hal_gpio.c.obj
                0x00000000080012b4                HAL_GPIO_WritePin
 *fill*         0x00000000080012e6        0x2 
 .text.__NVIC_SetPriorityGrouping
                0x00000000080012e8       0x48 CMakeFiles/KaseCode_V0.dir/Drivers/STM32F4xx_HAL_Driver/Src/stm32f4xx_hal_cortex.c.obj
 .text.__NVIC_GetPriorityGrouping
                0x0000000008001330       0x1c CMakeFiles/KaseCode_V0.dir/Drivers/STM32F4xx_HAL_Driver/Src/stm32f4xx_hal_cortex.c.obj
 .text.__NVIC_SetPriority
                0x000000000800134c       0x54 CMakeFiles/KaseCode_V0.dir/Drivers/STM32F4xx_HAL_Driver/Src/stm32f4xx_hal_cortex.c.obj
 .text.NVIC_EncodePriority
                0x00000000080013a0       0x66 CMakeFiles/KaseCode_V0.dir/Drivers/STM32F4xx_HAL_Driver/Src/stm32f4xx_hal_cortex.c.obj
 *fill*         0x0000000008001406        0x2 
 .text.SysTick_Config
                0x0000000008001408       0x44 CMakeFiles/KaseCode_V0.dir/Drivers/STM32F4xx_HAL_Driver/Src/stm32f4xx_hal_cortex.c.obj
 .text.HAL_NVIC_SetPriorityGrouping
                0x000000000800144c       0x16 CMakeFiles/KaseCode_V0.dir/Drivers/STM32F4xx_HAL_Driver/Src/stm32f4xx_hal_cortex.c.obj
                0x000000000800144c                HAL_NVIC_SetPriorityGrouping
 .text.HAL_NVIC_SetPriority
                0x0000000008001462       0x38 CMakeFiles/KaseCode_V0.dir/Drivers/STM32F4xx_HAL_Driver/Src/stm32f4xx_hal_cortex.c.obj
                0x0000000008001462                HAL_NVIC_SetPriority
 .text.HAL_SYSTICK_Config
                0x000000000800149a       0x18 CMakeFiles/KaseCode_V0.dir/Drivers/STM32F4xx_HAL_Driver/Src/stm32f4xx_hal_cortex.c.obj
                0x000000000800149a                HAL_SYSTICK_Config
 *fill*         0x00000000080014b2        0x2 
 .text.HAL_Init
                0x00000000080014b4       0x44 CMakeFiles/KaseCode_V0.dir/Drivers/STM32F4xx_HAL_Driver/Src/stm32f4xx_hal.c.obj
                0x00000000080014b4                HAL_Init
 .text.HAL_InitTick
                0x00000000080014f8       0x60 CMakeFiles/KaseCode_V0.dir/Drivers/STM32F4xx_HAL_Driver/Src/stm32f4xx_hal.c.obj
                0x00000000080014f8                HAL_InitTick
 .text.HAL_IncTick
                0x0000000008001558       0x28 CMakeFiles/KaseCode_V0.dir/Drivers/STM32F4xx_HAL_Driver/Src/stm32f4xx_hal.c.obj
                0x0000000008001558                HAL_IncTick
 .text.HAL_GetTick
                0x0000000008001580       0x18 CMakeFiles/KaseCode_V0.dir/Drivers/STM32F4xx_HAL_Driver/Src/stm32f4xx_hal.c.obj
                0x0000000008001580                HAL_GetTick
 .text.HAL_Delay
                0x0000000008001598       0x48 CMakeFiles/KaseCode_V0.dir/Drivers/STM32F4xx_HAL_Driver/Src/stm32f4xx_hal.c.obj
                0x0000000008001598                HAL_Delay
 .text.SystemInit
                0x00000000080015e0       0x24 CMakeFiles/KaseCode_V0.dir/Core/Src/system_stm32f4xx.c.obj
                0x00000000080015e0                SystemInit
 .text.Reset_Handler
                0x0000000008001604       0x50 CMakeFiles/KaseCode_V0.dir/startup_stm32f411xe.s.obj
                0x0000000008001604                Reset_Handler
 .text.Default_Handler
                0x0000000008001654        0x2 CMakeFiles/KaseCode_V0.dir/startup_stm32f411xe.s.obj
                0x0000000008001654                RTC_Alarm_IRQHandler
                0x0000000008001654                EXTI2_IRQHandler
                0x0000000008001654                SPI4_IRQHandler
                0x0000000008001654                TIM1_CC_IRQHandler
                0x0000000008001654                DMA2_Stream5_IRQHandler
                0x0000000008001654                DMA1_Stream5_IRQHandler
                0x0000000008001654                PVD_IRQHandler
                0x0000000008001654                SDIO_IRQHandler
                0x0000000008001654                TAMP_STAMP_IRQHandler
                0x0000000008001654                EXTI3_IRQHandler
                0x0000000008001654                TIM1_UP_TIM10_IRQHandler
                0x0000000008001654                I2C3_ER_IRQHandler
                0x0000000008001654                EXTI0_IRQHandler
                0x0000000008001654                I2C2_EV_IRQHandler
                0x0000000008001654                DMA1_Stream2_IRQHandler
                0x0000000008001654                FPU_IRQHandler
                0x0000000008001654                DMA2_Stream2_IRQHandler
                0x0000000008001654                SPI1_IRQHandler
                0x0000000008001654                TIM1_BRK_TIM9_IRQHandler
                0x0000000008001654                DMA2_Stream3_IRQHandler
                0x0000000008001654                USART6_IRQHandler
                0x0000000008001654                DMA2_Stream0_IRQHandler
                0x0000000008001654                TIM4_IRQHandler
                0x0000000008001654                I2C1_EV_IRQHandler
                0x0000000008001654                DMA1_Stream6_IRQHandler
                0x0000000008001654                DMA1_Stream1_IRQHandler
                0x0000000008001654                TIM3_IRQHandler
                0x0000000008001654                RCC_IRQHandler
                0x0000000008001654                Default_Handler
                0x0000000008001654                EXTI15_10_IRQHandler
                0x0000000008001654                ADC_IRQHandler
                0x0000000008001654                DMA1_Stream7_IRQHandler
                0x0000000008001654                SPI5_IRQHandler
                0x0000000008001654                TIM5_IRQHandler
                0x0000000008001654                DMA2_Stream7_IRQHandler
                0x0000000008001654                I2C3_EV_IRQHandler
                0x0000000008001654                EXTI9_5_IRQHandler
                0x0000000008001654                RTC_WKUP_IRQHandler
                0x0000000008001654                SPI2_IRQHandler
                0x0000000008001654                DMA1_Stream0_IRQHandler
                0x0000000008001654                EXTI4_IRQHandler
                0x0000000008001654                WWDG_IRQHandler
                0x0000000008001654                TIM2_IRQHandler
                0x0000000008001654                OTG_FS_WKUP_IRQHandler
                0x0000000008001654                TIM1_TRG_COM_TIM11_IRQHandler
                0x0000000008001654                EXTI1_IRQHandler
                0x0000000008001654                USART2_IRQHandler
                0x0000000008001654                I2C2_ER_IRQHandler
                0x0000000008001654                DMA2_Stream1_IRQHandler
                0x0000000008001654                FLASH_IRQHandler
                0x0000000008001654                DMA2_Stream4_IRQHandler
                0x0000000008001654                USART1_IRQHandler
                0x0000000008001654                OTG_FS_IRQHandler
                0x0000000008001654                SPI3_IRQHandler
                0x0000000008001654                DMA1_Stream4_IRQHandler
                0x0000000008001654                I2C1_ER_IRQHandler
                0x0000000008001654                DMA2_Stream6_IRQHandler
                0x0000000008001654                DMA1_Stream3_IRQHandler
 *(.glue_7)
 .glue_7        0x0000000008001656        0x0 linker stubs
 *(.glue_7t)
 .glue_7t       0x0000000008001656        0x0 linker stubs
 *(.eh_frame)
 *fill*         0x0000000008001656        0x2 
 .eh_frame      0x0000000008001658        0x0 /usr/share/gcc-arm-none-eabi-10.3-2021.10/bin/../lib/gcc/arm-none-eabi/10.3.1/thumb/v7e-m+fp/hard/crtbegin.o
 *(.init)
 .init          0x0000000008001658        0x4 /usr/share/gcc-arm-none-eabi-10.3-2021.10/bin/../lib/gcc/arm-none-eabi/10.3.1/thumb/v7e-m+fp/hard/crti.o
                0x0000000008001658                _init
 .init          0x000000000800165c        0x8 /usr/share/gcc-arm-none-eabi-10.3-2021.10/bin/../lib/gcc/arm-none-eabi/10.3.1/thumb/v7e-m+fp/hard/crtn.o
 *(.fini)
 .fini          0x0000000008001664        0x4 /usr/share/gcc-arm-none-eabi-10.3-2021.10/bin/../lib/gcc/arm-none-eabi/10.3.1/thumb/v7e-m+fp/hard/crti.o
                0x0000000008001664                _fini
 .fini          0x0000000008001668        0x8 /usr/share/gcc-arm-none-eabi-10.3-2021.10/bin/../lib/gcc/arm-none-eabi/10.3.1/thumb/v7e-m+fp/hard/crtn.o
                0x0000000008001670                . = ALIGN (0x4)
                0x0000000008001670                _etext = .

.vfp11_veneer   0x0000000008001670        0x0
 .vfp11_veneer  0x0000000008001670        0x0 linker stubs

.v4_bx          0x0000000008001670        0x0
 .v4_bx         0x0000000008001670        0x0 linker stubs

.iplt           0x0000000008001670        0x0
 .iplt          0x0000000008001670        0x0 /usr/share/gcc-arm-none-eabi-10.3-2021.10/bin/../lib/gcc/arm-none-eabi/10.3.1/thumb/v7e-m+fp/hard/crtbegin.o

.rodata         0x0000000008001670       0x10
                0x0000000008001670                . = ALIGN (0x4)
 *(.rodata)
 *(.rodata*)
 .rodata.AHBPrescTable
                0x0000000008001670       0x10 CMakeFiles/KaseCode_V0.dir/Core/Src/system_stm32f4xx.c.obj
                0x0000000008001670                AHBPrescTable
                0x0000000008001680                . = ALIGN (0x4)

.ARM.extab
 *(.ARM.extab* .gnu.linkonce.armextab.*)

.ARM            0x0000000008001680        0x8
                0x0000000008001680                __exidx_start = .
 *(.ARM.exidx*)
 .ARM.exidx     0x0000000008001680        0x8 /usr/share/gcc-arm-none-eabi-10.3-2021.10/bin/../lib/gcc/arm-none-eabi/10.3.1/thumb/v7e-m+fp/hard/libgcc.a(_udivmoddi4.o)
                0x0000000008001688                __exidx_end = .

.rel.dyn        0x0000000008001688        0x0
 .rel.iplt      0x0000000008001688        0x0 /usr/share/gcc-arm-none-eabi-10.3-2021.10/bin/../lib/gcc/arm-none-eabi/10.3.1/thumb/v7e-m+fp/hard/crtbegin.o

.preinit_array  0x0000000008001688        0x0
                0x0000000008001688                PROVIDE (__preinit_array_start = .)
 *(.preinit_array*)
                0x0000000008001688                PROVIDE (__preinit_array_end = .)

.init_array     0x0000000008001688        0x4
                0x0000000008001688                PROVIDE (__init_array_start = .)
 *(SORT_BY_NAME(.init_array.*))
 *(.init_array*)
 .init_array    0x0000000008001688        0x4 /usr/share/gcc-arm-none-eabi-10.3-2021.10/bin/../lib/gcc/arm-none-eabi/10.3.1/thumb/v7e-m+fp/hard/crtbegin.o
                0x000000000800168c                PROVIDE (__init_array_end = .)

.fini_array     0x000000000800168c        0x4
                [!provide]                        PROVIDE (__fini_array_start = .)
 *(SORT_BY_NAME(.fini_array.*))
 *(.fini_array*)
 .fini_array    0x000000000800168c        0x4 /usr/share/gcc-arm-none-eabi-10.3-2021.10/bin/../lib/gcc/arm-none-eabi/10.3.1/thumb/v7e-m+fp/hard/crtbegin.o
                [!provide]                        PROVIDE (__fini_array_end = .)
                0x0000000008001690                _sidata = LOADADDR (.data)

.data           0x0000000020000000        0xc load address 0x0000000008001690
                0x0000000020000000                . = ALIGN (0x4)
                0x0000000020000000                _sdata = .
 *(.data)
 *(.data*)
 .data.uwTickPrio
                0x0000000020000000        0x4 CMakeFiles/KaseCode_V0.dir/Drivers/STM32F4xx_HAL_Driver/Src/stm32f4xx_hal.c.obj
                0x0000000020000000                uwTickPrio
 .data.uwTickFreq
                0x0000000020000004        0x1 CMakeFiles/KaseCode_V0.dir/Drivers/STM32F4xx_HAL_Driver/Src/stm32f4xx_hal.c.obj
                0x0000000020000004                uwTickFreq
 *fill*         0x0000000020000005        0x3 
 .data.SystemCoreClock
                0x0000000020000008        0x4 CMakeFiles/KaseCode_V0.dir/Core/Src/system_stm32f4xx.c.obj
                0x0000000020000008                SystemCoreClock
                0x000000002000000c                . = ALIGN (0x4)
                0x000000002000000c                _edata = .

.igot.plt       0x000000002000000c        0x0 load address 0x000000000800169c
 .igot.plt      0x000000002000000c        0x0 /usr/share/gcc-arm-none-eabi-10.3-2021.10/bin/../lib/gcc/arm-none-eabi/10.3.1/thumb/v7e-m+fp/hard/crtbegin.o
                0x000000002000000c                . = ALIGN (0x4)

.bss            0x000000002000000c       0x20 load address 0x000000000800169c
                0x000000002000000c                _sbss = .
                0x000000002000000c                __bss_start__ = _sbss
 *(.bss)
 .bss           0x000000002000000c       0x1c /usr/share/gcc-arm-none-eabi-10.3-2021.10/bin/../lib/gcc/arm-none-eabi/10.3.1/thumb/v7e-m+fp/hard/crtbegin.o
 *(.bss*)
 .bss.uwTick    0x0000000020000028        0x4 CMakeFiles/KaseCode_V0.dir/Drivers/STM32F4xx_HAL_Driver/Src/stm32f4xx_hal.c.obj
                0x0000000020000028                uwTick
 *(COMMON)
                0x000000002000002c                . = ALIGN (0x4)
                0x000000002000002c                _ebss = .
                0x000000002000002c                __bss_end__ = _ebss

._user_heap_stack
                0x000000002000002c      0x604 load address 0x000000000800169c
                0x0000000020000030                . = ALIGN (0x8)
 *fill*         0x000000002000002c        0x4 
                [!provide]                        PROVIDE (end = .)
                0x0000000020000030                PROVIDE (_end = .)
                0x0000000020000230                . = (. + _Min_Heap_Size)
 *fill*         0x0000000020000030      0x200 
                0x0000000020000630                . = (. + _Min_Stack_Size)
 *fill*         0x0000000020000230      0x400 
                0x0000000020000630                . = ALIGN (0x8)

/DISCARD/
 libc.a(*)
 libm.a(*)
 libgcc.a(*)
OUTPUT(KaseCode_V0.elf elf32-littlearm)
LOAD linker stubs
LOAD /usr/share/gcc-arm-none-eabi-10.3-2021.10/bin/../lib/gcc/arm-none-eabi/10.3.1/../../../../arm-none-eabi/lib/thumb/v7e-m+fp/hard/libc.a
LOAD /usr/share/gcc-arm-none-eabi-10.3-2021.10/bin/../lib/gcc/arm-none-eabi/10.3.1/../../../../arm-none-eabi/lib/thumb/v7e-m+fp/hard/libm.a
LOAD /usr/share/gcc-arm-none-eabi-10.3-2021.10/bin/../lib/gcc/arm-none-eabi/10.3.1/thumb/v7e-m+fp/hard/libgcc.a

.ARM.attributes
                0x0000000000000000       0x30
 .ARM.attributes
                0x0000000000000000       0x1e /usr/share/gcc-arm-none-eabi-10.3-2021.10/bin/../lib/gcc/arm-none-eabi/10.3.1/thumb/v7e-m+fp/hard/crti.o
 .ARM.attributes
                0x000000000000001e       0x34 /usr/share/gcc-arm-none-eabi-10.3-2021.10/bin/../lib/gcc/arm-none-eabi/10.3.1/thumb/v7e-m+fp/hard/crtbegin.o
 .ARM.attributes
                0x0000000000000052       0x34 /usr/share/gcc-arm-none-eabi-10.3-2021.10/bin/../lib/gcc/arm-none-eabi/10.3.1/../../../../arm-none-eabi/lib/thumb/v7e-m+fp/hard/libc_nano.a(lib_a-init.o)
 .ARM.attributes
                0x0000000000000086       0x34 /usr/share/gcc-arm-none-eabi-10.3-2021.10/bin/../lib/gcc/arm-none-eabi/10.3.1/../../../../arm-none-eabi/lib/thumb/v7e-m+fp/hard/libc_nano.a(lib_a-memset.o)
 .ARM.attributes
                0x00000000000000ba       0x34 CMakeFiles/KaseCode_V0.dir/Core/Src/main.c.obj
 .ARM.attributes
                0x00000000000000ee       0x34 CMakeFiles/KaseCode_V0.dir/Core/Src/stm32f4xx_it.c.obj
 .ARM.attributes
                0x0000000000000122       0x34 CMakeFiles/KaseCode_V0.dir/Core/Src/stm32f4xx_hal_msp.c.obj
 .ARM.attributes
                0x0000000000000156       0x34 CMakeFiles/KaseCode_V0.dir/Drivers/STM32F4xx_HAL_Driver/Src/stm32f4xx_hal_rcc.c.obj
 .ARM.attributes
                0x000000000000018a       0x34 CMakeFiles/KaseCode_V0.dir/Drivers/STM32F4xx_HAL_Driver/Src/stm32f4xx_hal_gpio.c.obj
 .ARM.attributes
                0x00000000000001be       0x34 CMakeFiles/KaseCode_V0.dir/Drivers/STM32F4xx_HAL_Driver/Src/stm32f4xx_hal_cortex.c.obj
 .ARM.attributes
                0x00000000000001f2       0x34 CMakeFiles/KaseCode_V0.dir/Drivers/STM32F4xx_HAL_Driver/Src/stm32f4xx_hal.c.obj
 .ARM.attributes
                0x0000000000000226       0x34 CMakeFiles/KaseCode_V0.dir/Core/Src/system_stm32f4xx.c.obj
 .ARM.attributes
                0x000000000000025a       0x21 CMakeFiles/KaseCode_V0.dir/startup_stm32f411xe.s.obj
 .ARM.attributes
                0x000000000000027b       0x1e /usr/share/gcc-arm-none-eabi-10.3-2021.10/bin/../lib/gcc/arm-none-eabi/10.3.1/thumb/v7e-m+fp/hard/libgcc.a(_aeabi_uldivmod.o)
 .ARM.attributes
                0x0000000000000299       0x34 /usr/share/gcc-arm-none-eabi-10.3-2021.10/bin/../lib/gcc/arm-none-eabi/10.3.1/thumb/v7e-m+fp/hard/libgcc.a(_udivmoddi4.o)
 .ARM.attributes
                0x00000000000002cd       0x1e /usr/share/gcc-arm-none-eabi-10.3-2021.10/bin/../lib/gcc/arm-none-eabi/10.3.1/thumb/v7e-m+fp/hard/libgcc.a(_dvmd_tls.o)
 .ARM.attributes
                0x00000000000002eb       0x1e /usr/share/gcc-arm-none-eabi-10.3-2021.10/bin/../lib/gcc/arm-none-eabi/10.3.1/thumb/v7e-m+fp/hard/crtn.o

.comment        0x0000000000000000       0x49
 .comment       0x0000000000000000       0x49 CMakeFiles/KaseCode_V0.dir/Core/Src/main.c.obj
                                         0x4a (size before relaxing)
 .comment       0x0000000000000049       0x4a CMakeFiles/KaseCode_V0.dir/Core/Src/stm32f4xx_it.c.obj
 .comment       0x0000000000000049       0x4a CMakeFiles/KaseCode_V0.dir/Core/Src/stm32f4xx_hal_msp.c.obj
 .comment       0x0000000000000049       0x4a CMakeFiles/KaseCode_V0.dir/Drivers/STM32F4xx_HAL_Driver/Src/stm32f4xx_hal_rcc.c.obj
 .comment       0x0000000000000049       0x4a CMakeFiles/KaseCode_V0.dir/Drivers/STM32F4xx_HAL_Driver/Src/stm32f4xx_hal_gpio.c.obj
 .comment       0x0000000000000049       0x4a CMakeFiles/KaseCode_V0.dir/Drivers/STM32F4xx_HAL_Driver/Src/stm32f4xx_hal_cortex.c.obj
 .comment       0x0000000000000049       0x4a CMakeFiles/KaseCode_V0.dir/Drivers/STM32F4xx_HAL_Driver/Src/stm32f4xx_hal.c.obj
 .comment       0x0000000000000049       0x4a CMakeFiles/KaseCode_V0.dir/Core/Src/system_stm32f4xx.c.obj

.debug_frame    0x0000000000000000      0xe88
 .debug_frame   0x0000000000000000       0x2c /usr/share/gcc-arm-none-eabi-10.3-2021.10/bin/../lib/gcc/arm-none-eabi/10.3.1/../../../../arm-none-eabi/lib/thumb/v7e-m+fp/hard/libc_nano.a(lib_a-init.o)
 .debug_frame   0x000000000000002c       0x20 /usr/share/gcc-arm-none-eabi-10.3-2021.10/bin/../lib/gcc/arm-none-eabi/10.3.1/../../../../arm-none-eabi/lib/thumb/v7e-m+fp/hard/libc_nano.a(lib_a-memset.o)
 .debug_frame   0x000000000000004c       0x8c CMakeFiles/KaseCode_V0.dir/Core/Src/main.c.obj
 .debug_frame   0x00000000000000d8      0x104 CMakeFiles/KaseCode_V0.dir/Core/Src/stm32f4xx_it.c.obj
 .debug_frame   0x00000000000001dc       0x38 CMakeFiles/KaseCode_V0.dir/Core/Src/stm32f4xx_hal_msp.c.obj
 .debug_frame   0x0000000000000214      0x1f4 CMakeFiles/KaseCode_V0.dir/Drivers/STM32F4xx_HAL_Driver/Src/stm32f4xx_hal_rcc.c.obj
 .debug_frame   0x0000000000000408      0x14c CMakeFiles/KaseCode_V0.dir/Drivers/STM32F4xx_HAL_Driver/Src/stm32f4xx_hal_gpio.c.obj
 .debug_frame   0x0000000000000554      0x508 CMakeFiles/KaseCode_V0.dir/Drivers/STM32F4xx_HAL_Driver/Src/stm32f4xx_hal_cortex.c.obj
 .debug_frame   0x0000000000000a5c      0x374 CMakeFiles/KaseCode_V0.dir/Drivers/STM32F4xx_HAL_Driver/Src/stm32f4xx_hal.c.obj
 .debug_frame   0x0000000000000dd0       0x58 CMakeFiles/KaseCode_V0.dir/Core/Src/system_stm32f4xx.c.obj
 .debug_frame   0x0000000000000e28       0x2c /usr/share/gcc-arm-none-eabi-10.3-2021.10/bin/../lib/gcc/arm-none-eabi/10.3.1/thumb/v7e-m+fp/hard/libgcc.a(_aeabi_uldivmod.o)
 .debug_frame   0x0000000000000e54       0x34 /usr/share/gcc-arm-none-eabi-10.3-2021.10/bin/../lib/gcc/arm-none-eabi/10.3.1/thumb/v7e-m+fp/hard/libgcc.a(_udivmoddi4.o)

.debug_info     0x0000000000000000     0x3730
 .debug_info    0x0000000000000000      0x66f CMakeFiles/KaseCode_V0.dir/Core/Src/main.c.obj
 .debug_info    0x000000000000066f      0x119 CMakeFiles/KaseCode_V0.dir/Core/Src/stm32f4xx_it.c.obj
 .debug_info    0x0000000000000788      0x2d4 CMakeFiles/KaseCode_V0.dir/Core/Src/stm32f4xx_hal_msp.c.obj
 .debug_info    0x0000000000000a5c      0x948 CMakeFiles/KaseCode_V0.dir/Drivers/STM32F4xx_HAL_Driver/Src/stm32f4xx_hal_rcc.c.obj
 .debug_info    0x00000000000013a4      0x78e CMakeFiles/KaseCode_V0.dir/Drivers/STM32F4xx_HAL_Driver/Src/stm32f4xx_hal_gpio.c.obj
 .debug_info    0x0000000000001b32      0xdd3 CMakeFiles/KaseCode_V0.dir/Drivers/STM32F4xx_HAL_Driver/Src/stm32f4xx_hal_cortex.c.obj
 .debug_info    0x0000000000002905      0x8ba CMakeFiles/KaseCode_V0.dir/Drivers/STM32F4xx_HAL_Driver/Src/stm32f4xx_hal.c.obj
 .debug_info    0x00000000000031bf      0x54f CMakeFiles/KaseCode_V0.dir/Core/Src/system_stm32f4xx.c.obj
 .debug_info    0x000000000000370e       0x22 CMakeFiles/KaseCode_V0.dir/startup_stm32f411xe.s.obj

.debug_abbrev   0x0000000000000000      0xd32
 .debug_abbrev  0x0000000000000000      0x197 CMakeFiles/KaseCode_V0.dir/Core/Src/main.c.obj
 .debug_abbrev  0x0000000000000197       0x61 CMakeFiles/KaseCode_V0.dir/Core/Src/stm32f4xx_it.c.obj
 .debug_abbrev  0x00000000000001f8       0xd4 CMakeFiles/KaseCode_V0.dir/Core/Src/stm32f4xx_hal_msp.c.obj
 .debug_abbrev  0x00000000000002cc      0x262 CMakeFiles/KaseCode_V0.dir/Drivers/STM32F4xx_HAL_Driver/Src/stm32f4xx_hal_rcc.c.obj
 .debug_abbrev  0x000000000000052e      0x1c4 CMakeFiles/KaseCode_V0.dir/Drivers/STM32F4xx_HAL_Driver/Src/stm32f4xx_hal_gpio.c.obj
 .debug_abbrev  0x00000000000006f2      0x30d CMakeFiles/KaseCode_V0.dir/Drivers/STM32F4xx_HAL_Driver/Src/stm32f4xx_hal_cortex.c.obj
 .debug_abbrev  0x00000000000009ff      0x20b CMakeFiles/KaseCode_V0.dir/Drivers/STM32F4xx_HAL_Driver/Src/stm32f4xx_hal.c.obj
 .debug_abbrev  0x0000000000000c0a      0x116 CMakeFiles/KaseCode_V0.dir/Core/Src/system_stm32f4xx.c.obj
 .debug_abbrev  0x0000000000000d20       0x12 CMakeFiles/KaseCode_V0.dir/startup_stm32f411xe.s.obj

.debug_aranges  0x0000000000000000      0x408
 .debug_aranges
                0x0000000000000000       0x38 CMakeFiles/KaseCode_V0.dir/Core/Src/main.c.obj
 .debug_aranges
                0x0000000000000038       0x60 CMakeFiles/KaseCode_V0.dir/Core/Src/stm32f4xx_it.c.obj
 .debug_aranges
                0x0000000000000098       0x20 CMakeFiles/KaseCode_V0.dir/Core/Src/stm32f4xx_hal_msp.c.obj
 .debug_aranges
                0x00000000000000b8       0x88 CMakeFiles/KaseCode_V0.dir/Drivers/STM32F4xx_HAL_Driver/Src/stm32f4xx_hal_rcc.c.obj
 .debug_aranges
                0x0000000000000140       0x58 CMakeFiles/KaseCode_V0.dir/Drivers/STM32F4xx_HAL_Driver/Src/stm32f4xx_hal_gpio.c.obj
 .debug_aranges
                0x0000000000000198      0x130 CMakeFiles/KaseCode_V0.dir/Drivers/STM32F4xx_HAL_Driver/Src/stm32f4xx_hal_cortex.c.obj
 .debug_aranges
                0x00000000000002c8       0xf0 CMakeFiles/KaseCode_V0.dir/Drivers/STM32F4xx_HAL_Driver/Src/stm32f4xx_hal.c.obj
 .debug_aranges
                0x00000000000003b8       0x28 CMakeFiles/KaseCode_V0.dir/Core/Src/system_stm32f4xx.c.obj
 .debug_aranges
                0x00000000000003e0       0x28 CMakeFiles/KaseCode_V0.dir/startup_stm32f411xe.s.obj

.debug_ranges   0x0000000000000000      0x380
 .debug_ranges  0x0000000000000000       0x28 CMakeFiles/KaseCode_V0.dir/Core/Src/main.c.obj
 .debug_ranges  0x0000000000000028       0x50 CMakeFiles/KaseCode_V0.dir/Core/Src/stm32f4xx_it.c.obj
 .debug_ranges  0x0000000000000078       0x10 CMakeFiles/KaseCode_V0.dir/Core/Src/stm32f4xx_hal_msp.c.obj
 .debug_ranges  0x0000000000000088       0x78 CMakeFiles/KaseCode_V0.dir/Drivers/STM32F4xx_HAL_Driver/Src/stm32f4xx_hal_rcc.c.obj
 .debug_ranges  0x0000000000000100       0x48 CMakeFiles/KaseCode_V0.dir/Drivers/STM32F4xx_HAL_Driver/Src/stm32f4xx_hal_gpio.c.obj
 .debug_ranges  0x0000000000000148      0x120 CMakeFiles/KaseCode_V0.dir/Drivers/STM32F4xx_HAL_Driver/Src/stm32f4xx_hal_cortex.c.obj
 .debug_ranges  0x0000000000000268       0xe0 CMakeFiles/KaseCode_V0.dir/Drivers/STM32F4xx_HAL_Driver/Src/stm32f4xx_hal.c.obj
 .debug_ranges  0x0000000000000348       0x18 CMakeFiles/KaseCode_V0.dir/Core/Src/system_stm32f4xx.c.obj
 .debug_ranges  0x0000000000000360       0x20 CMakeFiles/KaseCode_V0.dir/startup_stm32f411xe.s.obj

.debug_macro    0x0000000000000000    0x14323
 .debug_macro   0x0000000000000000      0x1ba CMakeFiles/KaseCode_V0.dir/Core/Src/main.c.obj
 .debug_macro   0x00000000000001ba      0xa78 CMakeFiles/KaseCode_V0.dir/Core/Src/main.c.obj
 .debug_macro   0x0000000000000c32      0x28f CMakeFiles/KaseCode_V0.dir/Core/Src/main.c.obj
 .debug_macro   0x0000000000000ec1       0x2e CMakeFiles/KaseCode_V0.dir/Core/Src/main.c.obj
 .debug_macro   0x0000000000000eef       0x28 CMakeFiles/KaseCode_V0.dir/Core/Src/main.c.obj
 .debug_macro   0x0000000000000f17       0x22 CMakeFiles/KaseCode_V0.dir/Core/Src/main.c.obj
 .debug_macro   0x0000000000000f39       0x8e CMakeFiles/KaseCode_V0.dir/Core/Src/main.c.obj
 .debug_macro   0x0000000000000fc7       0x51 CMakeFiles/KaseCode_V0.dir/Core/Src/main.c.obj
 .debug_macro   0x0000000000001018      0x103 CMakeFiles/KaseCode_V0.dir/Core/Src/main.c.obj
 .debug_macro   0x000000000000111b       0x6a CMakeFiles/KaseCode_V0.dir/Core/Src/main.c.obj
 .debug_macro   0x0000000000001185      0x1df CMakeFiles/KaseCode_V0.dir/Core/Src/main.c.obj
 .debug_macro   0x0000000000001364       0x1c CMakeFiles/KaseCode_V0.dir/Core/Src/main.c.obj
 .debug_macro   0x0000000000001380       0x22 CMakeFiles/KaseCode_V0.dir/Core/Src/main.c.obj
 .debug_macro   0x00000000000013a2       0xfb CMakeFiles/KaseCode_V0.dir/Core/Src/main.c.obj
 .debug_macro   0x000000000000149d     0x1011 CMakeFiles/KaseCode_V0.dir/Core/Src/main.c.obj
 .debug_macro   0x00000000000024ae      0x11f CMakeFiles/KaseCode_V0.dir/Core/Src/main.c.obj
 .debug_macro   0x00000000000025cd     0xb953 CMakeFiles/KaseCode_V0.dir/Core/Src/main.c.obj
 .debug_macro   0x000000000000df20       0x6d CMakeFiles/KaseCode_V0.dir/Core/Src/main.c.obj
 .debug_macro   0x000000000000df8d     0x369a CMakeFiles/KaseCode_V0.dir/Core/Src/main.c.obj
 .debug_macro   0x0000000000011627      0x174 CMakeFiles/KaseCode_V0.dir/Core/Src/main.c.obj
 .debug_macro   0x000000000001179b       0x5c CMakeFiles/KaseCode_V0.dir/Core/Src/main.c.obj
 .debug_macro   0x00000000000117f7      0x45c CMakeFiles/KaseCode_V0.dir/Core/Src/main.c.obj
 .debug_macro   0x0000000000011c53      0x9e9 CMakeFiles/KaseCode_V0.dir/Core/Src/main.c.obj
 .debug_macro   0x000000000001263c      0x115 CMakeFiles/KaseCode_V0.dir/Core/Src/main.c.obj
 .debug_macro   0x0000000000012751      0x11b CMakeFiles/KaseCode_V0.dir/Core/Src/main.c.obj
 .debug_macro   0x000000000001286c       0xa5 CMakeFiles/KaseCode_V0.dir/Core/Src/main.c.obj
 .debug_macro   0x0000000000012911      0x15f CMakeFiles/KaseCode_V0.dir/Core/Src/main.c.obj
 .debug_macro   0x0000000000012a70      0x287 CMakeFiles/KaseCode_V0.dir/Core/Src/main.c.obj
 .debug_macro   0x0000000000012cf7       0x5f CMakeFiles/KaseCode_V0.dir/Core/Src/main.c.obj
 .debug_macro   0x0000000000012d56      0x236 CMakeFiles/KaseCode_V0.dir/Core/Src/main.c.obj
 .debug_macro   0x0000000000012f8c      0x132 CMakeFiles/KaseCode_V0.dir/Core/Src/main.c.obj
 .debug_macro   0x00000000000130be      0x264 CMakeFiles/KaseCode_V0.dir/Core/Src/main.c.obj
 .debug_macro   0x0000000000013322       0x2e CMakeFiles/KaseCode_V0.dir/Core/Src/main.c.obj
 .debug_macro   0x0000000000013350      0x127 CMakeFiles/KaseCode_V0.dir/Core/Src/main.c.obj
 .debug_macro   0x0000000000013477       0x85 CMakeFiles/KaseCode_V0.dir/Core/Src/main.c.obj
 .debug_macro   0x00000000000134fc       0x89 CMakeFiles/KaseCode_V0.dir/Core/Src/main.c.obj
 .debug_macro   0x0000000000013585      0x126 CMakeFiles/KaseCode_V0.dir/Core/Src/main.c.obj
 .debug_macro   0x00000000000136ab      0x1c4 CMakeFiles/KaseCode_V0.dir/Core/Src/stm32f4xx_it.c.obj
 .debug_macro   0x000000000001386f      0x1ba CMakeFiles/KaseCode_V0.dir/Core/Src/stm32f4xx_hal_msp.c.obj
 .debug_macro   0x0000000000013a29      0x1d4 CMakeFiles/KaseCode_V0.dir/Drivers/STM32F4xx_HAL_Driver/Src/stm32f4xx_hal_rcc.c.obj
 .debug_macro   0x0000000000013bfd      0x1b6 CMakeFiles/KaseCode_V0.dir/Drivers/STM32F4xx_HAL_Driver/Src/stm32f4xx_hal_gpio.c.obj
 .debug_macro   0x0000000000013db3      0x1b0 CMakeFiles/KaseCode_V0.dir/Drivers/STM32F4xx_HAL_Driver/Src/stm32f4xx_hal_cortex.c.obj
 .debug_macro   0x0000000000013f63      0x210 CMakeFiles/KaseCode_V0.dir/Drivers/STM32F4xx_HAL_Driver/Src/stm32f4xx_hal.c.obj
 .debug_macro   0x0000000000014173      0x1b0 CMakeFiles/KaseCode_V0.dir/Core/Src/system_stm32f4xx.c.obj

.debug_line     0x0000000000000000     0x4e8c
 .debug_line    0x0000000000000000      0x7ba CMakeFiles/KaseCode_V0.dir/Core/Src/main.c.obj
 .debug_line    0x00000000000007ba      0x7d1 CMakeFiles/KaseCode_V0.dir/Core/Src/stm32f4xx_it.c.obj
 .debug_line    0x0000000000000f8b      0x70e CMakeFiles/KaseCode_V0.dir/Core/Src/stm32f4xx_hal_msp.c.obj
 .debug_line    0x0000000000001699      0xd88 CMakeFiles/KaseCode_V0.dir/Drivers/STM32F4xx_HAL_Driver/Src/stm32f4xx_hal_rcc.c.obj
 .debug_line    0x0000000000002421      0xb2e CMakeFiles/KaseCode_V0.dir/Drivers/STM32F4xx_HAL_Driver/Src/stm32f4xx_hal_gpio.c.obj
 .debug_line    0x0000000000002f4f      0xcf0 CMakeFiles/KaseCode_V0.dir/Drivers/STM32F4xx_HAL_Driver/Src/stm32f4xx_hal_cortex.c.obj
 .debug_line    0x0000000000003c3f      0x9f6 CMakeFiles/KaseCode_V0.dir/Drivers/STM32F4xx_HAL_Driver/Src/stm32f4xx_hal.c.obj
 .debug_line    0x0000000000004635      0x790 CMakeFiles/KaseCode_V0.dir/Core/Src/system_stm32f4xx.c.obj
 .debug_line    0x0000000000004dc5       0xc7 CMakeFiles/KaseCode_V0.dir/startup_stm32f411xe.s.obj

.debug_str      0x0000000000000000    0x7f589
 .debug_str     0x0000000000000000    0x7dfea CMakeFiles/KaseCode_V0.dir/Core/Src/main.c.obj
                                      0x7e26a (size before relaxing)
 .debug_str     0x000000000007dfea      0x10b CMakeFiles/KaseCode_V0.dir/Core/Src/stm32f4xx_it.c.obj
                                      0x7dfbb (size before relaxing)
 .debug_str     0x000000000007e0f5       0x7a CMakeFiles/KaseCode_V0.dir/Core/Src/stm32f4xx_hal_msp.c.obj
                                      0x7e053 (size before relaxing)
 .debug_str     0x000000000007e16f      0x32e CMakeFiles/KaseCode_V0.dir/Drivers/STM32F4xx_HAL_Driver/Src/stm32f4xx_hal_rcc.c.obj
                                      0x7e510 (size before relaxing)
 .debug_str     0x000000000007e49d      0x1ad CMakeFiles/KaseCode_V0.dir/Drivers/STM32F4xx_HAL_Driver/Src/stm32f4xx_hal_gpio.c.obj
                                      0x7e27e (size before relaxing)
 .debug_str     0x000000000007e64a      0x838 CMakeFiles/KaseCode_V0.dir/Drivers/STM32F4xx_HAL_Driver/Src/stm32f4xx_hal_cortex.c.obj
                                      0x7e899 (size before relaxing)
 .debug_str     0x000000000007ee82      0x5fa CMakeFiles/KaseCode_V0.dir/Drivers/STM32F4xx_HAL_Driver/Src/stm32f4xx_hal.c.obj
                                      0x7eae0 (size before relaxing)
 .debug_str     0x000000000007f47c       0x98 CMakeFiles/KaseCode_V0.dir/Core/Src/system_stm32f4xx.c.obj
                                      0x7e103 (size before relaxing)
 .debug_str     0x000000000007f514       0x75 CMakeFiles/KaseCode_V0.dir/startup_stm32f411xe.s.obj
                                         0xcc (size before relaxing)
